go : # absensholat-api/
handlers [absensholat-a
pi/handlers.test]
At line:1 char:1
+ go test ./... 
2>test_errors.txt; 
Get-Content 
test_errors.txt
+ ~~~~~~~~~~~~~~~~~~~~~
~~~~~~~~~~
    + CategoryInfo     
         : NotSpecifi  
  ed: (# absensholat   
 -a.../handlers.tes    
t]:String) [], Rem    
oteException
    + FullyQualifiedEr 
   rorId : NativeComm  
  andError
 
handlers\jadwal_test.go
:275:16: undefined: get
CurrentDayInIndonesian
